src/data/logos_corrections.ts(258,1): error TS2304: Cannot find name 'Logger'.
src/data/logos_corrections.ts(259,1): error TS2304: Cannot find name 'Logger'.
src/data/logos_corrections.ts(260,1): error TS2304: Cannot find name 'Logger'.
src/data/logos_corrections.ts(261,1): error TS2304: Cannot find name 'Logger'.
src/data/logos_corrections.ts(262,1): error TS2304: Cannot find name 'Logger'.
src/data/logos_corrections.ts(263,1): error TS2304: Cannot find name 'Logger'.
src/data/logos_corrections.ts(264,1): error TS2304: Cannot find name 'Logger'.
src/data/logos_corrections.ts(265,1): error TS2304: Cannot find name 'Logger'.
src/data/logos_corrections.ts(266,1): error TS2304: Cannot find name 'Logger'.
src/data/logos_corrections.ts(267,1): error TS2304: Cannot find name 'Logger'.
src/data/logos_corrections.ts(268,1): error TS2304: Cannot find name 'Logger'.
src/data/logos_corrections.ts(269,1): error TS2304: Cannot find name 'Logger'.
src/data/logos_corrections.ts(270,1): error TS2304: Cannot find name 'Logger'.
src/data/logos_corrections.ts(271,1): error TS2304: Cannot find name 'Logger'.
src/data/logos_corrections.ts(272,1): error TS2304: Cannot find name 'Logger'.
src/scripts/deploy_intro.ts(13,5): error TS2304: Cannot find name 'Logger'.
src/scripts/deploy_intro.ts(22,5): error TS2304: Cannot find name 'Logger'.
src/scripts/deploy_intro.ts(30,9): error TS2304: Cannot find name 'Logger'.
src/scripts/deploy_intro.ts(58,9): error TS2304: Cannot find name 'Logger'.
src/scripts/deploy_intro.ts(61,9): error TS2304: Cannot find name 'Logger'.
